com\estock\mystockmgr\controller\HomeController.class
com\estock\mystockmgr\dto\CategoryNames.class
com\estock\mystockmgr\modal\Inventory.class
com\estock\mystockmgr\modal\Purchase.class
com\estock\mystockmgr\services\MyUserDetails.class
com\estock\mystockmgr\repository\SalesRepo.class
com\estock\mystockmgr\repository\InventoryCategoryRepo.class
com\estock\mystockmgr\controller\UserController.class
com\estock\mystockmgr\repository\InventoryRepo.class
com\estock\mystockmgr\repository\PurchaseRepo.class
com\estock\mystockmgr\MystockmgrApplication.class
com\estock\mystockmgr\modal\InventoryCategory.class
com\estock\mystockmgr\services\ReplishmentManagement.class
com\estock\mystockmgr\dto\UserPayload.class
com\estock\mystockmgr\controller\ReplishmentController.class
com\estock\mystockmgr\controller\CategoryController.class
com\estock\mystockmgr\dto\InventoryPayload.class
com\estock\mystockmgr\controller\SalesController.class
com\estock\mystockmgr\dto\PurchasedInventory.class
com\estock\mystockmgr\dto\ReplishmentPayload.class
com\estock\mystockmgr\modal\Sales.class
com\estock\mystockmgr\services\CategoryManagement.class
com\estock\mystockmgr\services\UserManagement.class
com\estock\mystockmgr\modal\Users.class
com\estock\mystockmgr\services\InventoryManagement.class
com\estock\mystockmgr\repository\UserRepo.class
com\estock\mystockmgr\modal\Replishment.class
com\estock\mystockmgr\dto\InventorySummary.class
com\estock\mystockmgr\ServletInitializer.class
com\estock\mystockmgr\controller\InventoryController.class
com\estock\mystockmgr\services\CustomUserDetailsServiceManager.class
com\estock\mystockmgr\config\SpringWebsecConfigurer.class
com\estock\mystockmgr\repository\ReplishmentRepo.class
com\estock\mystockmgr\config\SpringWebsecConfigurer$1.class
