C:\Users\LENOVO\Desktop\work\epantry\backend\src\main\java\com\estock\mystockmgr\controller\UserController.java
C:\Users\LENOVO\Desktop\work\epantry\backend\src\main\java\com\estock\mystockmgr\controller\ReplishmentController.java
C:\Users\LENOVO\Desktop\work\epantry\backend\src\main\java\com\estock\mystockmgr\modal\Users.java
C:\Users\LENOVO\Desktop\work\epantry\backend\src\main\java\com\estock\mystockmgr\dto\InventoryPayload.java
C:\Users\LENOVO\Desktop\work\epantry\backend\src\main\java\com\estock\mystockmgr\modal\Purchase.java
C:\Users\LENOVO\Desktop\work\epantry\backend\src\main\java\com\estock\mystockmgr\repository\InventoryCategoryRepo.java
C:\Users\LENOVO\Desktop\work\epantry\backend\src\main\java\com\estock\mystockmgr\services\ReplishmentManagement.java
C:\Users\LENOVO\Desktop\work\epantry\backend\src\main\java\com\estock\mystockmgr\services\CustomUserDetailsServiceManager.java
C:\Users\LENOVO\Desktop\work\epantry\backend\src\main\java\com\estock\mystockmgr\modal\InventoryCategory.java
C:\Users\LENOVO\Desktop\work\epantry\backend\src\main\java\com\estock\mystockmgr\modal\Inventory.java
C:\Users\LENOVO\Desktop\work\epantry\backend\src\main\java\com\estock\mystockmgr\services\UserManagement.java
C:\Users\LENOVO\Desktop\work\epantry\backend\src\main\java\com\estock\mystockmgr\dto\CategoryNames.java
C:\Users\LENOVO\Desktop\work\epantry\backend\src\main\java\com\estock\mystockmgr\MystockmgrApplication.java
C:\Users\LENOVO\Desktop\work\epantry\backend\src\main\java\com\estock\mystockmgr\repository\PurchaseRepo.java
C:\Users\LENOVO\Desktop\work\epantry\backend\src\main\java\com\estock\mystockmgr\dto\ReplishmentPayload.java
C:\Users\LENOVO\Desktop\work\epantry\backend\src\main\java\com\estock\mystockmgr\services\CategoryManagement.java
C:\Users\LENOVO\Desktop\work\epantry\backend\src\main\java\com\estock\mystockmgr\modal\Sales.java
C:\Users\LENOVO\Desktop\work\epantry\backend\src\main\java\com\estock\mystockmgr\services\InventoryManagement.java
C:\Users\LENOVO\Desktop\work\epantry\backend\src\main\java\com\estock\mystockmgr\modal\Replishment.java
C:\Users\LENOVO\Desktop\work\epantry\backend\src\main\java\com\estock\mystockmgr\repository\ReplishmentRepo.java
C:\Users\LENOVO\Desktop\work\epantry\backend\src\main\java\com\estock\mystockmgr\dto\InventorySummary.java
C:\Users\LENOVO\Desktop\work\epantry\backend\src\main\java\com\estock\mystockmgr\repository\UserRepo.java
C:\Users\LENOVO\Desktop\work\epantry\backend\src\main\java\com\estock\mystockmgr\controller\SalesController.java
C:\Users\LENOVO\Desktop\work\epantry\backend\src\main\java\com\estock\mystockmgr\controller\CategoryController.java
C:\Users\LENOVO\Desktop\work\epantry\backend\src\main\java\com\estock\mystockmgr\controller\HomeController.java
C:\Users\LENOVO\Desktop\work\epantry\backend\src\main\java\com\estock\mystockmgr\dto\UserPayload.java
C:\Users\LENOVO\Desktop\work\epantry\backend\src\main\java\com\estock\mystockmgr\controller\InventoryController.java
C:\Users\LENOVO\Desktop\work\epantry\backend\src\main\java\com\estock\mystockmgr\repository\InventoryRepo.java
C:\Users\LENOVO\Desktop\work\epantry\backend\src\main\java\com\estock\mystockmgr\config\SpringWebsecConfigurer.java
C:\Users\LENOVO\Desktop\work\epantry\backend\src\main\java\com\estock\mystockmgr\repository\SalesRepo.java
C:\Users\LENOVO\Desktop\work\epantry\backend\src\main\java\com\estock\mystockmgr\ServletInitializer.java
C:\Users\LENOVO\Desktop\work\epantry\backend\src\main\java\com\estock\mystockmgr\dto\PurchasedInventory.java
